key1	count	percent	histogram
#ERR	1	10.00	■■■■■■■■■■■■■■■■■■■
	2	20.00	■■■■■■■■■■■■■■■■■■■■■■■■■■■■■■■■■■■■■■
2016-01-01 11:00:00	1	10.00	■■■■■■■■■■■■■■■■■■■
2016-01-01 1:00	1	10.00	■■■■■■■■■■■■■■■■■■■
2017-12-25 8:44	1	10.00	■■■■■■■■■■■■■■■■■■■
2018-07-27 16:44	1	10.00	■■■■■■■■■■■■■■■■■■■
2018-07-27 18:44	1	10.00	■■■■■■■■■■■■■■■■■■■
2018-07-27 4:44	1	10.00	■■■■■■■■■■■■■■■■■■■
2018-10-20 18:44	1	10.00	■■■■■■■■■■■■■■■■■■■
