geolocation	count	percent	histogram
2	988	98.80	■■■■■■■■■■■■■■■■■■■■■■■■■■■■■■■■■■■■■■
	12	1.20	
