name	width	type	fmtstr	value	aggregators
OrderDate	12			2016-01-06	
Region	9			East	
Rep	10			Jones	
Item	9			Pencil	
Units	7			95	
integers	10	int		1	mean
Unit_Cost	11			1.99	
Total	9			189.05	
