Key	C	D	A	B
1			a1	b1
2			e1	f1
3	c2	d2		
4	a2	b2	c1	d1
