A	count	percent	data1_copy_Key	data1_copy_B
a1	1	33.33	1	b1
c1	1	33.33	2	d1
e1	1	33.33	2	f1
