OrderDate	Region	Rep	Item	Units	Unit_Cost	Total
2016-01-06	East	Jones	Pencil	95	1.99	189.05
