Quantity	count	percent
2.00 - 30.40	26	92.86
30.40 - 58.80	1	3.57
58.80 - 87.20	0	0.00
87.20 - 115.60	0	0.00
115.60 - 144.00	1	3.57
