url	url_link0
1	https://google.com]
2	https://example.com
