A	customer name	sales rep	sku	category	quantity	unit price	ext price	date
680916	Mueller and Sons	Loring Predovic	GP-14407	Belt	19	88.49	1681.31	2015-11-17 05:58:34
680916	Mueller and Sons	Loring Predovic	GP-14407	Belt	19	88.49	1681.31	2015-11-17 05:58:34
680916	Mueller and Sons	Loring Predovic	FI-01804	Shirt	3	78.07	234.21	2016-02-13 04:04:11
530925	Purdy and Sons	Teagan O'Keefe	EO-54210	Shirt	19	30.21	573.99	2015-08-11 12:44:38
680916	Mueller and Sons	Loring Predovic	FI-01804	Shirt	3	78.07	234.21	2016-02-13 04:04:11
530925	Purdy and Sons	Teagan O'Keefe	EO-54210	Shirt	19	30.21	573.99	2015-08-11 12:44:38
