:@computed_region_cbhk_fwbd	:@computed_region_nnqa_25f4	fall	geolocation.coordinates[0]	geolocation.coordinates[1]	geolocation.type	id	mass	name	nametype	recclass	reclat	reclong	year
		Fell	6.08	50.77	Point	1	21	Aachen	Valid	L5	50.775000	6.083330	1880-01-01T00:00:00.000
		Fell	10.23	56.18	Point	2	720	Aarhus	Valid	H6	56.183330	10.233330	1951-01-01T00:00:00.000
