key	value
record_type	HDR
ef_type	FEC
fec_version	8.4
soft_name	Campaign Manager 360
soft_ver	1.0
report_id	FEC-1724438
report_number	6
comment	
