Quantity	count	percent
1.00 - 21.43	46	90.20
21.43 - 41.86	3	5.88
41.86 - 62.29	1	1.96
123.57 - 144.00	1	1.96
62.29 - 82.71	0	0.00
82.71 - 103.14	0	0.00
103.14 - 123.57	0	0.00
