Date	Customer	SKU	Item	Quantity	Unit	Paid
7/3/2018 1:47p	Robert Armstrong	FOOD213	BFF Oh My Gravy! Beef & Salmon 2.8oz	4	$12.95	$51.8
7/3/2018 3:32p	Kyle Kennedy	FOOD121	Food, Adult Cat - 3.5 oz	1	$4.22	$4.22
7/5/2018 4:15p	Douglas "Dougie" Powers	FOOD121	Food, Adult Cat 3.5 oz	1	$4.22	$4.22
