[
{"Total": "Total", "count": 2, "A_keymax": [2.0]},
{"Total": "Selected", "count": 0}
]
