	a	b	c	Number	Exile
  	d  	 e 	  f		
1 	ggg	hhh	iiii		
 2	jjj	kkk	llllllll		
Daniel				1	True
Hananiah				2	True
Mishael				3	True
Azariah				4	True
Nebuchadnezzar				5	
