name	rows	cols	id	classes	title	aria_label	caption	summary	heading
table_0	0	0		test_empty					
links	0	5							
